This file contains any messages produced by compilers while
running configure, to aid debugging if configure makes a mistake.

It was created by mdbtools configure 0.9.3, which was
generated by GNU Autoconf 2.72.  Invocation command line was

  $ ./configure --disable-man --disable-glib --with-iodbc=/Applications/Cartographica.app/Contents/Frameworks/iODBC.framework/Versions/A/iODBC

## --------- ##
## Platform. ##
## --------- ##

hostname = GPMacStudio.local
uname -m = arm64
uname -r = 24.4.0
uname -s = Darwin
uname -v = Darwin Kernel Version 24.4.0: Fri Apr 11 18:33:39 PDT 2025; root:xnu-11417.101.15~117/RELEASE_ARM64_T6020

/usr/bin/uname -p = arm
/bin/uname -X     = unknown

/bin/arch              = unknown
/usr/bin/arch -k       = unknown
/usr/convex/getsysinfo = unknown
/usr/bin/hostinfo      = Mach kernel version:
	 Darwin Kernel Version 24.4.0: Fri Apr 11 18:33:39 PDT 2025; root:xnu-11417.101.15~117/RELEASE_ARM64_T6020
Kernel configured for up to 24 processors.
24 processors are physically available.
24 processors are logically available.
Processor type: arm64e (ARM64E)
Processors active: 0 1 2 3 4 5 6 7 8 9 10 11 12 13 14 15 16 17 18 19 20 21 22 23
Primary memory available: 192.00 gigabytes
Default processor set: 1149 tasks, 6202 threads, 24 processors
Load average: 43.73, Mach factor: 0.54
/bin/machine           = unknown
/usr/bin/oslevel       = unknown
/bin/universe          = unknown

PATH: /opt/homebrew/opt/bison/bin/
PATH: /opt/homebrew/opt/flex/bin/
PATH: /opt/homebrew/opt/bison/bin/
PATH: /opt/homebrew/opt/flex/bin/
PATH: /opt/homebrew/bin/
PATH: /opt/homebrew/sbin/
PATH: /Applications/Xcode.app/Contents/SharedFrameworks/SwiftBuild.framework/Versions/A/PlugIns/SWBBuildService.bundle/Contents/PlugIns/SWBUniversalPlatformPlugin.bundle/Contents/Frameworks/SWBUniversalPlatform.framework/Resources/
PATH: /Applications/Xcode.app/Contents/Developer/Toolchains/XcodeDefault.xctoolchain/usr/bin/
PATH: /Applications/Xcode.app/Contents/Developer/Toolchains/XcodeDefault.xctoolchain/usr/local/bin/
PATH: /Applications/Xcode.app/Contents/Developer/Toolchains/XcodeDefault.xctoolchain/usr/libexec/
PATH: /Applications/Xcode.app/Contents/Developer/Platforms/MacOSX.platform/usr/bin/
PATH: /Applications/Xcode.app/Contents/Developer/Platforms/MacOSX.platform/usr/local/bin/
PATH: /Applications/Xcode.app/Contents/Developer/Platforms/MacOSX.platform/Developer/usr/bin/
PATH: /Applications/Xcode.app/Contents/Developer/Platforms/MacOSX.platform/Developer/usr/local/bin/
PATH: /Applications/Xcode.app/Contents/Developer/usr/bin/
PATH: /Applications/Xcode.app/Contents/Developer/usr/local/bin/
PATH: /usr/local/bin/
PATH: /usr/bin/
PATH: /bin/
PATH: /usr/sbin/
PATH: /sbin/


## ----------- ##
## Core tests. ##
## ----------- ##

configure:3229: looking for aux files: config.rpath config.guess config.sub ltmain.sh compile missing install-sh
configure:3242:  trying ./build-aux/
configure:3271:   ./build-aux/config.rpath found
configure:3271:   ./build-aux/config.guess found
configure:3271:   ./build-aux/config.sub found
configure:3271:   ./build-aux/ltmain.sh found
configure:3271:   ./build-aux/compile found
configure:3271:   ./build-aux/missing found
configure:3253:   ./build-aux/install-sh found
configure:3404: checking for a BSD-compatible install
configure:3478: result: /opt/homebrew/bin/ginstall -c
configure:3489: checking whether sleep supports fractional seconds
configure:3505: result: yes
configure:3508: checking filesystem timestamp resolution
configure:3643: result: 2
configure:3648: checking whether build environment is sane
configure:3689: result: yes
configure:3860: checking for a race-free mkdir -p
configure:3903: result: /opt/homebrew/bin/gmkdir -p
configure:3910: checking for gawk
configure:3946: result: no
configure:3910: checking for mawk
configure:3946: result: no
configure:3910: checking for nawk
configure:3946: result: no
configure:3910: checking for awk
configure:3931: found /usr/bin/awk
configure:3943: result: awk
configure:3954: checking whether make sets $(MAKE)
configure:3978: result: yes
configure:4004: checking whether make supports nested variables
configure:4023: result: yes
configure:4037: checking xargs -n works
configure:4053: result: yes
configure:4163: checking whether to enable maintainer-specific portions of Makefiles
configure:4174: result: yes
configure:4323: checking for C compiler version
configure:4332: clang --version >&5
Apple clang version 17.0.0 (clang-1700.0.13.3)
Target: arm64-apple-darwin24.4.0
Thread model: posix
InstalledDir: /Applications/Xcode.app/Contents/Developer/Toolchains/XcodeDefault.xctoolchain/usr/bin
configure:4343: $? = 0
configure:4332: clang -v >&5
Apple clang version 17.0.0 (clang-1700.0.13.3)
Target: arm64-apple-darwin24.4.0
Thread model: posix
InstalledDir: /Applications/Xcode.app/Contents/Developer/Toolchains/XcodeDefault.xctoolchain/usr/bin
configure:4343: $? = 0
configure:4332: clang -V >&5
clang: error: argument to '-V' is missing (expected 1 value)
clang: error: no input files
configure:4343: $? = 1
configure:4332: clang -qversion >&5
clang: error: unknown argument '-qversion'; did you mean '--version'?
clang: error: no input files
configure:4343: $? = 1
configure:4332: clang -version >&5
clang: error: unknown argument '-version'; did you mean '--version'?
clang: error: no input files
configure:4343: $? = 1
configure:4363: checking whether the C compiler works
configure:4385: clang -I/Users/gaige/Development/Cartographica/MDBODBC/../iODBC/include   conftest.c  >&5
configure:4389: $? = 0
configure:4440: result: yes
configure:4444: checking for C compiler default output file name
configure:4446: result: a.out
configure:4452: checking for suffix of executables
configure:4459: clang -o conftest -I/Users/gaige/Development/Cartographica/MDBODBC/../iODBC/include   conftest.c  >&5
configure:4463: $? = 0
configure:4487: result: 
configure:4511: checking whether we are cross compiling
configure:4519: clang -o conftest -I/Users/gaige/Development/Cartographica/MDBODBC/../iODBC/include   conftest.c  >&5
configure:4523: $? = 0
configure:4530: ./conftest
configure:4534: $? = 0
configure:4549: result: no
configure:4555: checking for suffix of object files
configure:4578: clang -c -I/Users/gaige/Development/Cartographica/MDBODBC/../iODBC/include  conftest.c >&5
configure:4582: $? = 0
configure:4606: result: o
configure:4610: checking whether the compiler supports GNU C
configure:4630: clang -c -I/Users/gaige/Development/Cartographica/MDBODBC/../iODBC/include  conftest.c >&5
configure:4630: $? = 0
configure:4642: result: yes
configure:4653: checking whether clang accepts -g
configure:4674: clang -c -g  conftest.c >&5
configure:4674: $? = 0
configure:4721: result: yes
configure:4741: checking for clang option to enable C11 features
configure:4756: clang  -c -I/Users/gaige/Development/Cartographica/MDBODBC/../iODBC/include  conftest.c >&5
configure:4756: $? = 0
configure:4775: result: none needed
configure:4899: checking whether clang understands -c and -o together
configure:4922: clang -c conftest.c -o conftest2.o
configure:4925: $? = 0
configure:4922: clang -c conftest.c -o conftest2.o
configure:4925: $? = 0
configure:4938: result: yes
configure:4958: checking whether make supports the include directive
configure:4973: make -f confmf.GNU && cat confinc.out
this is the am__doit target
configure:4976: $? = 0
configure:4995: result: yes (GNU style)
configure:5021: checking dependency style of clang
configure:5134: result: none
configure:5219: checking for g++
configure:5240: found /Applications/Xcode.app/Contents/Developer/usr/bin/g++
configure:5252: result: g++
configure:5279: checking for C++ compiler version
configure:5288: g++ --version >&5
Apple clang version 17.0.0 (clang-1700.0.13.3)
Target: arm64-apple-darwin24.4.0
Thread model: posix
InstalledDir: /Applications/Xcode.app/Contents/Developer/Toolchains/XcodeDefault.xctoolchain/usr/bin
configure:5299: $? = 0
configure:5288: g++ -v >&5
Apple clang version 17.0.0 (clang-1700.0.13.3)
Target: arm64-apple-darwin24.4.0
Thread model: posix
InstalledDir: /Applications/Xcode.app/Contents/Developer/Toolchains/XcodeDefault.xctoolchain/usr/bin
configure:5299: $? = 0
configure:5288: g++ -V >&5
clang++: error: argument to '-V' is missing (expected 1 value)
clang++: error: no input files
configure:5299: $? = 1
configure:5288: g++ -qversion >&5
clang++: error: unknown argument '-qversion'; did you mean '--version'?
clang++: error: no input files
configure:5299: $? = 1
configure:5303: checking whether the compiler supports GNU C++
configure:5323: g++ -c   conftest.cpp >&5
configure:5323: $? = 0
configure:5335: result: yes
configure:5346: checking whether g++ accepts -g
configure:5367: g++ -c -g  conftest.cpp >&5
configure:5367: $? = 0
configure:5414: result: yes
configure:5434: checking for g++ option to enable C++11 features
configure:5449: g++  -c -g -O2  conftest.cpp >&5
conftest.cpp:177:25: warning: empty parentheses interpreted as a function declaration [-Wvexing-parse]
  177 |   cxx11test::delegate d2();
      |                         ^~
conftest.cpp:177:25: note: remove parentheses to declare a variable
  177 |   cxx11test::delegate d2();
      |                         ^~
1 warning generated.
configure:5449: $? = 0
configure:5468: result: none needed
configure:5539: checking dependency style of g++
configure:5652: result: none
configure:5667: checking whether make sets $(MAKE)
configure:5691: result: yes
configure:5733: checking build system type
configure:5749: result: aarch64-apple-darwin24.4.0
configure:5769: checking host system type
configure:5784: result: aarch64-apple-darwin24.4.0
configure:5825: checking how to print strings
configure:5852: result: printf
configure:5873: checking for a sed that does not truncate output
configure:5945: result: /usr/bin/sed
configure:5963: checking for grep that handles long lines and -e
configure:6029: result: /usr/bin/grep
configure:6034: checking for egrep
configure:6104: result: /usr/bin/grep -E
configure:6111: checking for fgrep
configure:6181: result: /usr/bin/grep -F
configure:6218: checking for ld used by clang
configure:6287: result: /Applications/Xcode.app/Contents/Developer/Toolchains/XcodeDefault.xctoolchain/usr/bin/ld
configure:6294: checking if the linker (/Applications/Xcode.app/Contents/Developer/Toolchains/XcodeDefault.xctoolchain/usr/bin/ld) is GNU ld
configure:6311: result: no
configure:6323: checking for BSD- or MS-compatible name lister (nm)
configure:6379: result: /Applications/Xcode.app/Contents/Developer/Toolchains/XcodeDefault.xctoolchain/usr/bin/nm -B
configure:6521: checking the name lister (/Applications/Xcode.app/Contents/Developer/Toolchains/XcodeDefault.xctoolchain/usr/bin/nm -B) interface
configure:6529: clang -c -I/Users/gaige/Development/Cartographica/MDBODBC/../iODBC/include  conftest.c >&5
configure:6532: /Applications/Xcode.app/Contents/Developer/Toolchains/XcodeDefault.xctoolchain/usr/bin/nm -B "conftest.o"
configure:6535: output
0000000000000000 S _some_variable
0000000000000000 t ltmp0
0000000000000000 s ltmp1
configure:6543: result: BSD nm
configure:6546: checking whether ln -s works
configure:6550: result: yes
configure:6558: checking the maximum length of command line arguments
configure:6691: result: 786432
configure:6739: checking how to convert aarch64-apple-darwin24.4.0 file names to aarch64-apple-darwin24.4.0 format
configure:6781: result: func_convert_file_noop
configure:6788: checking how to convert aarch64-apple-darwin24.4.0 file names to toolchain format
configure:6810: result: func_convert_file_noop
configure:6817: checking for /Applications/Xcode.app/Contents/Developer/Toolchains/XcodeDefault.xctoolchain/usr/bin/ld option to reload object files
configure:6826: result: -r
configure:6906: checking for file
configure:6927: found /usr/bin/file
configure:6939: result: file
configure:7016: checking for objdump
configure:7037: found /Applications/Xcode.app/Contents/Developer/Toolchains/XcodeDefault.xctoolchain/usr/bin/objdump
configure:7049: result: objdump
configure:7078: checking how to recognize dependent libraries
configure:7280: result: pass_all
configure:7371: checking for dlltool
configure:7407: result: no
configure:7434: checking how to associate runtime and link libraries
configure:7463: result: printf %s\n
configure:7530: checking for ar
configure:7551: found /Applications/Xcode.app/Contents/Developer/Toolchains/XcodeDefault.xctoolchain/usr/bin/ar
configure:7563: result: ar
configure:7616: checking for archiver @FILE support
configure:7634: clang -c -I/Users/gaige/Development/Cartographica/MDBODBC/../iODBC/include  conftest.c >&5
configure:7634: $? = 0
configure:7638: ar cr libconftest.a @conftest.lst >&5
ar: @conftest.lst: No such file or directory
configure:7641: $? = 1
configure:7662: result: no
configure:7726: checking for strip
configure:7747: found /Applications/Xcode.app/Contents/Developer/Toolchains/XcodeDefault.xctoolchain/usr/bin/strip
configure:7759: result: strip
configure:7837: checking for ranlib
configure:7858: found /Applications/Xcode.app/Contents/Developer/Toolchains/XcodeDefault.xctoolchain/usr/bin/ranlib
configure:7870: result: ranlib
configure:7972: checking command to parse /Applications/Xcode.app/Contents/Developer/Toolchains/XcodeDefault.xctoolchain/usr/bin/nm -B output from clang object
configure:8126: clang -c -I/Users/gaige/Development/Cartographica/MDBODBC/../iODBC/include  conftest.c >&5
configure:8129: $? = 0
configure:8133: /Applications/Xcode.app/Contents/Developer/Toolchains/XcodeDefault.xctoolchain/usr/bin/nm -B conftest.o \| /usr/bin/sed -n -e 's/^.*[ ]\([ABCDGIRSTW][ABCDGIRSTW]*\)[ ][ ]*\([_A-Za-z][_A-Za-z0-9]*\)$/\1 \2 \2/p' | /usr/bin/sed '/ __gnu_lto/d' \> conftest.nm
configure:8136: $? = 0
cannot find nm_test_var in conftest.nm
configure:8126: clang -c -I/Users/gaige/Development/Cartographica/MDBODBC/../iODBC/include  conftest.c >&5
configure:8129: $? = 0
configure:8133: /Applications/Xcode.app/Contents/Developer/Toolchains/XcodeDefault.xctoolchain/usr/bin/nm -B conftest.o \| /usr/bin/sed -n -e 's/^.*[ ]\([ABCDGIRSTW][ABCDGIRSTW]*\)[ ][ ]*_\([_A-Za-z][_A-Za-z0-9]*\)$/\1 _\2 \2/p' | /usr/bin/sed '/ __gnu_lto/d' \> conftest.nm
configure:8136: $? = 0
configure:8202: clang -o conftest -I/Users/gaige/Development/Cartographica/MDBODBC/../iODBC/include   conftest.c conftstm.o >&5
configure:8205: $? = 0
configure:8244: result: ok
configure:8291: checking for sysroot
configure:8323: result: no
configure:8330: checking for a working dd
configure:8375: result: /bin/dd
configure:8379: checking how to truncate binary pipes
configure:8396: result: /bin/dd bs=4096 count=1
configure:8736: checking for mt
configure:8772: result: no
configure:8792: checking if : is a manifest tool
configure:8799: : '-?'
configure:8808: result: no
configure:8870: checking for dsymutil
configure:8891: found /Applications/Xcode.app/Contents/Developer/Toolchains/XcodeDefault.xctoolchain/usr/bin/dsymutil
configure:8903: result: dsymutil
configure:8974: checking for nmedit
configure:8995: found /Applications/Xcode.app/Contents/Developer/Toolchains/XcodeDefault.xctoolchain/usr/bin/nmedit
configure:9007: result: nmedit
configure:9078: checking for lipo
configure:9099: found /Applications/Xcode.app/Contents/Developer/Toolchains/XcodeDefault.xctoolchain/usr/bin/lipo
configure:9111: result: lipo
configure:9182: checking for otool
configure:9203: found /Applications/Xcode.app/Contents/Developer/Toolchains/XcodeDefault.xctoolchain/usr/bin/otool
configure:9215: result: otool
configure:9286: checking for otool64
configure:9322: result: no
configure:9367: checking for -single_module linker flag
clang -I/Users/gaige/Development/Cartographica/MDBODBC/../iODBC/include  -o libconftest.dylib -dynamiclib -Wl,-single_module conftest.c
ld: warning: -single_module is obsolete
configure:9402: result: no
configure:9405: checking for -exported_symbols_list linker flag
configure:9426: clang -o conftest -I/Users/gaige/Development/Cartographica/MDBODBC/../iODBC/include   -Wl,-exported_symbols_list,conftest.sym conftest.c  >&5
configure:9426: $? = 0
configure:9439: result: yes
configure:9442: checking for -force_load linker flag
clang -I/Users/gaige/Development/Cartographica/MDBODBC/../iODBC/include -c -o conftest.o conftest.c
ar cr libconftest.a conftest.o
ranlib libconftest.a
clang -I/Users/gaige/Development/Cartographica/MDBODBC/../iODBC/include  -o conftest conftest.c -Wl,-force_load,./libconftest.a
configure:9476: result: yes
configure:9547: checking for stdio.h
configure:9547: clang -c -I/Users/gaige/Development/Cartographica/MDBODBC/../iODBC/include  conftest.c >&5
configure:9547: $? = 0
configure:9547: result: yes
configure:9547: checking for stdlib.h
configure:9547: clang -c -I/Users/gaige/Development/Cartographica/MDBODBC/../iODBC/include  conftest.c >&5
configure:9547: $? = 0
configure:9547: result: yes
configure:9547: checking for string.h
configure:9547: clang -c -I/Users/gaige/Development/Cartographica/MDBODBC/../iODBC/include  conftest.c >&5
configure:9547: $? = 0
configure:9547: result: yes
configure:9547: checking for inttypes.h
configure:9547: clang -c -I/Users/gaige/Development/Cartographica/MDBODBC/../iODBC/include  conftest.c >&5
configure:9547: $? = 0
configure:9547: result: yes
configure:9547: checking for stdint.h
configure:9547: clang -c -I/Users/gaige/Development/Cartographica/MDBODBC/../iODBC/include  conftest.c >&5
configure:9547: $? = 0
configure:9547: result: yes
configure:9547: checking for strings.h
configure:9547: clang -c -I/Users/gaige/Development/Cartographica/MDBODBC/../iODBC/include  conftest.c >&5
configure:9547: $? = 0
configure:9547: result: yes
configure:9547: checking for sys/stat.h
configure:9547: clang -c -I/Users/gaige/Development/Cartographica/MDBODBC/../iODBC/include  conftest.c >&5
configure:9547: $? = 0
configure:9547: result: yes
configure:9547: checking for sys/types.h
configure:9547: clang -c -I/Users/gaige/Development/Cartographica/MDBODBC/../iODBC/include  conftest.c >&5
configure:9547: $? = 0
configure:9547: result: yes
configure:9547: checking for unistd.h
configure:9547: clang -c -I/Users/gaige/Development/Cartographica/MDBODBC/../iODBC/include  conftest.c >&5
configure:9547: $? = 0
configure:9547: result: yes
configure:9572: checking for dlfcn.h
configure:9572: clang -c -I/Users/gaige/Development/Cartographica/MDBODBC/../iODBC/include  conftest.c >&5
configure:9572: $? = 0
configure:9572: result: yes
configure:10182: checking for objdir
configure:10199: result: .libs
configure:10465: checking if clang supports -fno-rtti -fno-exceptions
configure:10484: clang -c -I/Users/gaige/Development/Cartographica/MDBODBC/../iODBC/include  -fno-rtti -fno-exceptions conftest.c >&5
configure:10488: $? = 0
configure:10502: result: yes
configure:10860: checking for clang option to produce PIC
configure:10869: result: -fno-common -DPIC
configure:10877: checking if clang PIC flag -fno-common -DPIC works
configure:10896: clang -c -I/Users/gaige/Development/Cartographica/MDBODBC/../iODBC/include  -fno-common -DPIC -DPIC conftest.c >&5
configure:10900: $? = 0
configure:10914: result: yes
configure:10943: checking if clang static flag -static works
configure:10973: result: no
configure:10988: checking if clang supports -c -o file.o
configure:11010: clang -c -I/Users/gaige/Development/Cartographica/MDBODBC/../iODBC/include  -o out/conftest2.o conftest.c >&5
configure:11014: $? = 0
configure:11037: result: yes
configure:11045: checking if clang supports -c -o file.o
configure:11094: result: yes
configure:11127: checking whether the clang linker (/Applications/Xcode.app/Contents/Developer/Toolchains/XcodeDefault.xctoolchain/usr/bin/ld) supports shared libraries
configure:12400: result: yes
configure:12642: checking dynamic linker characteristics
configure:13464: result: darwin24.4.0 dyld
configure:13586: checking how to hardcode library paths into programs
configure:13611: result: immediate
configure:14211: checking whether stripping libraries is possible
configure:14228: result: yes
configure:14262: checking if libtool supports shared libraries
configure:14264: result: yes
configure:14267: checking whether to build shared libraries
configure:14292: result: yes
configure:14295: checking whether to build static libraries
configure:14299: result: yes
configure:14322: checking how to run the C++ preprocessor
configure:14344: g++ -E  conftest.cpp
configure:14344: $? = 0
configure:14360: g++ -E  conftest.cpp
conftest.cpp:23:10: fatal error: 'ac_nonexistent.h' file not found
   23 | #include <ac_nonexistent.h>
      |          ^~~~~~~~~~~~~~~~~~
1 error generated.
configure:14360: $? = 1
configure: failed program was:
| /* confdefs.h */
| #define PACKAGE_NAME "mdbtools"
| #define PACKAGE_TARNAME "mdbtools"
| #define PACKAGE_VERSION "0.9.3"
| #define PACKAGE_STRING "mdbtools 0.9.3"
| #define PACKAGE_BUGREPORT "https://github.com/mdbtools/mdbtools/issues"
| #define PACKAGE_URL "https://github.com/mdbtools/mdbtools"
| #define PACKAGE "mdbtools"
| #define VERSION "0.9.3"
| #define HAVE_STDIO_H 1
| #define HAVE_STDLIB_H 1
| #define HAVE_STRING_H 1
| #define HAVE_INTTYPES_H 1
| #define HAVE_STDINT_H 1
| #define HAVE_STRINGS_H 1
| #define HAVE_SYS_STAT_H 1
| #define HAVE_SYS_TYPES_H 1
| #define HAVE_UNISTD_H 1
| #define STDC_HEADERS 1
| #define HAVE_DLFCN_H 1
| #define LT_OBJDIR ".libs/"
| /* end confdefs.h.  */
| #include <ac_nonexistent.h>
configure:14389: result: g++ -E
configure:14403: g++ -E  conftest.cpp
configure:14403: $? = 0
configure:14419: g++ -E  conftest.cpp
conftest.cpp:23:10: fatal error: 'ac_nonexistent.h' file not found
   23 | #include <ac_nonexistent.h>
      |          ^~~~~~~~~~~~~~~~~~
1 error generated.
configure:14419: $? = 1
configure: failed program was:
| /* confdefs.h */
| #define PACKAGE_NAME "mdbtools"
| #define PACKAGE_TARNAME "mdbtools"
| #define PACKAGE_VERSION "0.9.3"
| #define PACKAGE_STRING "mdbtools 0.9.3"
| #define PACKAGE_BUGREPORT "https://github.com/mdbtools/mdbtools/issues"
| #define PACKAGE_URL "https://github.com/mdbtools/mdbtools"
| #define PACKAGE "mdbtools"
| #define VERSION "0.9.3"
| #define HAVE_STDIO_H 1
| #define HAVE_STDLIB_H 1
| #define HAVE_STRING_H 1
| #define HAVE_INTTYPES_H 1
| #define HAVE_STDINT_H 1
| #define HAVE_STRINGS_H 1
| #define HAVE_SYS_STAT_H 1
| #define HAVE_SYS_TYPES_H 1
| #define HAVE_UNISTD_H 1
| #define STDC_HEADERS 1
| #define HAVE_DLFCN_H 1
| #define LT_OBJDIR ".libs/"
| /* end confdefs.h.  */
| #include <ac_nonexistent.h>
configure:14587: checking for ld used by g++
configure:14656: result: /Applications/Xcode.app/Contents/Developer/Toolchains/XcodeDefault.xctoolchain/usr/bin/ld
configure:14663: checking if the linker (/Applications/Xcode.app/Contents/Developer/Toolchains/XcodeDefault.xctoolchain/usr/bin/ld) is GNU ld
configure:14680: result: no
configure:14735: checking whether the g++ linker (/Applications/Xcode.app/Contents/Developer/Toolchains/XcodeDefault.xctoolchain/usr/bin/ld) supports shared libraries
configure:15815: result: yes
configure:15851: g++ -c -g -O2  conftest.cpp >&5
configure:15854: $? = 0
configure:16335: checking for g++ option to produce PIC
configure:16344: result: -fno-common -DPIC
configure:16352: checking if g++ PIC flag -fno-common -DPIC works
configure:16371: g++ -c -g -O2  -fno-common -DPIC -DPIC conftest.cpp >&5
configure:16375: $? = 0
configure:16389: result: yes
configure:16412: checking if g++ static flag -static works
configure:16442: result: no
configure:16454: checking if g++ supports -c -o file.o
configure:16476: g++ -c -g -O2  -o out/conftest2.o conftest.cpp >&5
configure:16480: $? = 0
configure:16503: result: yes
configure:16508: checking if g++ supports -c -o file.o
configure:16557: result: yes
configure:16587: checking whether the g++ linker (/Applications/Xcode.app/Contents/Developer/Toolchains/XcodeDefault.xctoolchain/usr/bin/ld) supports shared libraries
configure:16627: result: yes
configure:16770: checking dynamic linker characteristics
configure:17519: result: darwin24.4.0 dyld
configure:17584: checking how to hardcode library paths into programs
configure:17609: result: immediate
configure:17674: checking for flex
configure:17707: result: /opt/homebrew/opt/flex/bin/flex
configure:17756: checking for lex output file root
configure:17769: /opt/homebrew/opt/flex/bin/flex conftest.l
configure:17773: $? = 0
configure:17782: result: lex.yy
configure:17797: checking for lex library
configure:17822: clang -o conftest -I/Users/gaige/Development/Cartographica/MDBODBC/../iODBC/include   conftest.c  >&5
configure:17822: $? = 0
configure:17836: result: none needed
configure:17858: checking whether yytext is a pointer
configure:17874: clang -c -I/Users/gaige/Development/Cartographica/MDBODBC/../iODBC/include  conftest.c >&5
configure:17874: $? = 0
configure:17882: result: yes
configure:17898: checking for bison
configure:17931: result: /opt/homebrew/opt/bison/bin/bison
configure:17947: checking for egrep
configure:18017: result: /usr/bin/grep -E
configure:18025: checking for fcntl.h
configure:18025: clang -c -I/Users/gaige/Development/Cartographica/MDBODBC/../iODBC/include  conftest.c >&5
configure:18025: $? = 0
configure:18025: result: yes
configure:18031: checking for limits.h
configure:18031: clang -c -I/Users/gaige/Development/Cartographica/MDBODBC/../iODBC/include  conftest.c >&5
configure:18031: $? = 0
configure:18031: result: yes
configure:18037: checking for unistd.h
configure:18037: result: yes
configure:18043: checking for xlocale.h
configure:18043: clang -c -I/Users/gaige/Development/Cartographica/MDBODBC/../iODBC/include  conftest.c >&5
configure:18043: $? = 0
configure:18043: result: yes
configure:18050: checking for DBLCMapStringW in -lmswstr
configure:18079: clang -o conftest -I/Users/gaige/Development/Cartographica/MDBODBC/../iODBC/include   conftest.c -lmswstr   >&5
ld: library 'mswstr' not found
clang: error: linker command failed with exit code 1 (use -v to see invocation)
configure:18079: $? = 1
configure: failed program was:
| /* confdefs.h */
| #define PACKAGE_NAME "mdbtools"
| #define PACKAGE_TARNAME "mdbtools"
| #define PACKAGE_VERSION "0.9.3"
| #define PACKAGE_STRING "mdbtools 0.9.3"
| #define PACKAGE_BUGREPORT "https://github.com/mdbtools/mdbtools/issues"
| #define PACKAGE_URL "https://github.com/mdbtools/mdbtools"
| #define PACKAGE "mdbtools"
| #define VERSION "0.9.3"
| #define HAVE_STDIO_H 1
| #define HAVE_STDLIB_H 1
| #define HAVE_STRING_H 1
| #define HAVE_INTTYPES_H 1
| #define HAVE_STDINT_H 1
| #define HAVE_STRINGS_H 1
| #define HAVE_SYS_STAT_H 1
| #define HAVE_SYS_TYPES_H 1
| #define HAVE_UNISTD_H 1
| #define STDC_HEADERS 1
| #define HAVE_DLFCN_H 1
| #define LT_OBJDIR ".libs/"
| #define YYTEXT_POINTER 1
| #define HAVE_FCNTL_H 1
| #define HAVE_LIMITS_H 1
| #define HAVE_UNISTD_H 1
| #define HAVE_XLOCALE_H 1
| /* end confdefs.h.  */
| 
| /* Override any GCC internal prototype to avoid an error.
|    Use char because int might match the return type of a GCC
|    builtin and then its argument prototype would still apply.
|    The 'extern "C"' is for builds by C++ compilers;
|    although this is not generally supported in C code supporting it here
|    has little cost and some practical benefit (sr 110532).  */
| #ifdef __cplusplus
| extern "C"
| #endif
| char DBLCMapStringW (void);
| int
| main (void)
| {
| return DBLCMapStringW ();
|   ;
|   return 0;
| }
configure:18091: result: no
configure:18101: checking for clang options needed to detect all undeclared functions
configure:18123: clang -c -I/Users/gaige/Development/Cartographica/MDBODBC/../iODBC/include   conftest.c >&5
conftest.c:32:8: error: call to undeclared library function 'strchr' with type 'char *(const char *, int)'; ISO C99 and later do not support implicit function declarations [-Wimplicit-function-declaration]
   32 | (void) strchr;
      |        ^
conftest.c:32:8: note: include the header <string.h> or explicitly provide a declaration for 'strchr'
1 error generated.
configure:18123: $? = 1
configure: failed program was:
| /* confdefs.h */
| #define PACKAGE_NAME "mdbtools"
| #define PACKAGE_TARNAME "mdbtools"
| #define PACKAGE_VERSION "0.9.3"
| #define PACKAGE_STRING "mdbtools 0.9.3"
| #define PACKAGE_BUGREPORT "https://github.com/mdbtools/mdbtools/issues"
| #define PACKAGE_URL "https://github.com/mdbtools/mdbtools"
| #define PACKAGE "mdbtools"
| #define VERSION "0.9.3"
| #define HAVE_STDIO_H 1
| #define HAVE_STDLIB_H 1
| #define HAVE_STRING_H 1
| #define HAVE_INTTYPES_H 1
| #define HAVE_STDINT_H 1
| #define HAVE_STRINGS_H 1
| #define HAVE_SYS_STAT_H 1
| #define HAVE_SYS_TYPES_H 1
| #define HAVE_UNISTD_H 1
| #define STDC_HEADERS 1
| #define HAVE_DLFCN_H 1
| #define LT_OBJDIR ".libs/"
| #define YYTEXT_POINTER 1
| #define HAVE_FCNTL_H 1
| #define HAVE_LIMITS_H 1
| #define HAVE_UNISTD_H 1
| #define HAVE_XLOCALE_H 1
| /* end confdefs.h.  */
| 
| int
| main (void)
| {
| (void) strchr;
|   ;
|   return 0;
| }
configure:18150: clang -c -I/Users/gaige/Development/Cartographica/MDBODBC/../iODBC/include   conftest.c >&5
configure:18150: $? = 0
configure:18170: result: none needed
configure:18184: checking whether program_invocation_short_name is declared
configure:18184: clang -c -I/Users/gaige/Development/Cartographica/MDBODBC/../iODBC/include   conftest.c >&5
conftest.c:39:10: error: use of undeclared identifier 'program_invocation_short_name'
   39 |   (void) program_invocation_short_name;
      |          ^
1 error generated.
configure:18184: $? = 1
configure: failed program was:
| /* confdefs.h */
| #define PACKAGE_NAME "mdbtools"
| #define PACKAGE_TARNAME "mdbtools"
| #define PACKAGE_VERSION "0.9.3"
| #define PACKAGE_STRING "mdbtools 0.9.3"
| #define PACKAGE_BUGREPORT "https://github.com/mdbtools/mdbtools/issues"
| #define PACKAGE_URL "https://github.com/mdbtools/mdbtools"
| #define PACKAGE "mdbtools"
| #define VERSION "0.9.3"
| #define HAVE_STDIO_H 1
| #define HAVE_STDLIB_H 1
| #define HAVE_STRING_H 1
| #define HAVE_INTTYPES_H 1
| #define HAVE_STDINT_H 1
| #define HAVE_STRINGS_H 1
| #define HAVE_SYS_STAT_H 1
| #define HAVE_SYS_TYPES_H 1
| #define HAVE_UNISTD_H 1
| #define STDC_HEADERS 1
| #define HAVE_DLFCN_H 1
| #define LT_OBJDIR ".libs/"
| #define YYTEXT_POINTER 1
| #define HAVE_FCNTL_H 1
| #define HAVE_LIMITS_H 1
| #define HAVE_UNISTD_H 1
| #define HAVE_XLOCALE_H 1
| /* end confdefs.h.  */
| 
|                 #define _GNU_SOURCE
|                 #include <errno.h>
| 
| int
| main (void)
| {
| #ifndef program_invocation_short_name
| #ifdef __cplusplus
|   (void) program_invocation_short_name;
| #else
|   (void) program_invocation_short_name;
| #endif
| #endif
| 
|   ;
|   return 0;
| }
configure:18184: result: no
configure:18199: checking for a readline compatible library
configure:18235: clang -o conftest -I/Users/gaige/Development/Cartographica/MDBODBC/../iODBC/include   conftest.c  -lreadline >&5
configure:18235: $? = 0
configure:18252: result: yes
configure:18259: checking for readline.h
configure:18259: clang -c -I/Users/gaige/Development/Cartographica/MDBODBC/../iODBC/include  conftest.c >&5
conftest.c:58:10: fatal error: 'readline.h' file not found
   58 | #include <readline.h>
      |          ^~~~~~~~~~~~
1 error generated.
configure:18259: $? = 1
configure: failed program was:
| /* confdefs.h */
| #define PACKAGE_NAME "mdbtools"
| #define PACKAGE_TARNAME "mdbtools"
| #define PACKAGE_VERSION "0.9.3"
| #define PACKAGE_STRING "mdbtools 0.9.3"
| #define PACKAGE_BUGREPORT "https://github.com/mdbtools/mdbtools/issues"
| #define PACKAGE_URL "https://github.com/mdbtools/mdbtools"
| #define PACKAGE "mdbtools"
| #define VERSION "0.9.3"
| #define HAVE_STDIO_H 1
| #define HAVE_STDLIB_H 1
| #define HAVE_STRING_H 1
| #define HAVE_INTTYPES_H 1
| #define HAVE_STDINT_H 1
| #define HAVE_STRINGS_H 1
| #define HAVE_SYS_STAT_H 1
| #define HAVE_SYS_TYPES_H 1
| #define HAVE_UNISTD_H 1
| #define STDC_HEADERS 1
| #define HAVE_DLFCN_H 1
| #define LT_OBJDIR ".libs/"
| #define YYTEXT_POINTER 1
| #define HAVE_FCNTL_H 1
| #define HAVE_LIMITS_H 1
| #define HAVE_UNISTD_H 1
| #define HAVE_XLOCALE_H 1
| #define HAVE_DECL_PROGRAM_INVOCATION_SHORT_NAME 0
| #define HAVE_LIBREADLINE 1
| /* end confdefs.h.  */
| #include <stddef.h>
| #ifdef HAVE_STDIO_H
| # include <stdio.h>
| #endif
| #ifdef HAVE_STDLIB_H
| # include <stdlib.h>
| #endif
| #ifdef HAVE_STRING_H
| # include <string.h>
| #endif
| #ifdef HAVE_INTTYPES_H
| # include <inttypes.h>
| #endif
| #ifdef HAVE_STDINT_H
| # include <stdint.h>
| #endif
| #ifdef HAVE_STRINGS_H
| # include <strings.h>
| #endif
| #ifdef HAVE_SYS_TYPES_H
| # include <sys/types.h>
| #endif
| #ifdef HAVE_SYS_STAT_H
| # include <sys/stat.h>
| #endif
| #ifdef HAVE_UNISTD_H
| # include <unistd.h>
| #endif
| #include <readline.h>
configure:18259: result: no
configure:18265: checking for readline/readline.h
configure:18265: clang -c -I/Users/gaige/Development/Cartographica/MDBODBC/../iODBC/include  conftest.c >&5
configure:18265: $? = 0
configure:18265: result: yes
configure:18272: checking whether readline supports history
configure:18300: clang -o conftest -I/Users/gaige/Development/Cartographica/MDBODBC/../iODBC/include   conftest.c  -lreadline >&5
configure:18300: $? = 0
configure:18309: result: yes
configure:18315: checking for history.h
configure:18315: clang -c -I/Users/gaige/Development/Cartographica/MDBODBC/../iODBC/include  conftest.c >&5
conftest.c:60:10: fatal error: 'history.h' file not found
   60 | #include <history.h>
      |          ^~~~~~~~~~~
1 error generated.
configure:18315: $? = 1
configure: failed program was:
| /* confdefs.h */
| #define PACKAGE_NAME "mdbtools"
| #define PACKAGE_TARNAME "mdbtools"
| #define PACKAGE_VERSION "0.9.3"
| #define PACKAGE_STRING "mdbtools 0.9.3"
| #define PACKAGE_BUGREPORT "https://github.com/mdbtools/mdbtools/issues"
| #define PACKAGE_URL "https://github.com/mdbtools/mdbtools"
| #define PACKAGE "mdbtools"
| #define VERSION "0.9.3"
| #define HAVE_STDIO_H 1
| #define HAVE_STDLIB_H 1
| #define HAVE_STRING_H 1
| #define HAVE_INTTYPES_H 1
| #define HAVE_STDINT_H 1
| #define HAVE_STRINGS_H 1
| #define HAVE_SYS_STAT_H 1
| #define HAVE_SYS_TYPES_H 1
| #define HAVE_UNISTD_H 1
| #define STDC_HEADERS 1
| #define HAVE_DLFCN_H 1
| #define LT_OBJDIR ".libs/"
| #define YYTEXT_POINTER 1
| #define HAVE_FCNTL_H 1
| #define HAVE_LIMITS_H 1
| #define HAVE_UNISTD_H 1
| #define HAVE_XLOCALE_H 1
| #define HAVE_DECL_PROGRAM_INVOCATION_SHORT_NAME 0
| #define HAVE_LIBREADLINE 1
| #define HAVE_READLINE_READLINE_H 1
| #define HAVE_READLINE_HISTORY 1
| /* end confdefs.h.  */
| #include <stddef.h>
| #ifdef HAVE_STDIO_H
| # include <stdio.h>
| #endif
| #ifdef HAVE_STDLIB_H
| # include <stdlib.h>
| #endif
| #ifdef HAVE_STRING_H
| # include <string.h>
| #endif
| #ifdef HAVE_INTTYPES_H
| # include <inttypes.h>
| #endif
| #ifdef HAVE_STDINT_H
| # include <stdint.h>
| #endif
| #ifdef HAVE_STRINGS_H
| # include <strings.h>
| #endif
| #ifdef HAVE_SYS_TYPES_H
| # include <sys/types.h>
| #endif
| #ifdef HAVE_SYS_STAT_H
| # include <sys/stat.h>
| #endif
| #ifdef HAVE_UNISTD_H
| # include <unistd.h>
| #endif
| #include <history.h>
configure:18315: result: no
configure:18321: checking for readline/history.h
configure:18321: clang -c -I/Users/gaige/Development/Cartographica/MDBODBC/../iODBC/include  conftest.c >&5
configure:18321: $? = 0
configure:18321: result: yes
configure:18338: checking for strptime
configure:18338: clang -o conftest -I/Users/gaige/Development/Cartographica/MDBODBC/../iODBC/include   conftest.c  >&5
configure:18338: $? = 0
configure:18338: result: yes
configure:18344: checking for fmemopen
configure:18344: clang -o conftest -I/Users/gaige/Development/Cartographica/MDBODBC/../iODBC/include   conftest.c  >&5
configure:18344: $? = 0
configure:18344: result: yes
configure:18350: checking for gmtime_r
configure:18350: clang -o conftest -I/Users/gaige/Development/Cartographica/MDBODBC/../iODBC/include   conftest.c  >&5
configure:18350: $? = 0
configure:18350: result: yes
configure:18356: checking for reallocf
configure:18356: clang -o conftest -I/Users/gaige/Development/Cartographica/MDBODBC/../iODBC/include   conftest.c  >&5
configure:18356: $? = 0
configure:18356: result: yes
configure:18362: checking for wcstombs_l
configure:18362: clang -o conftest -I/Users/gaige/Development/Cartographica/MDBODBC/../iODBC/include   conftest.c  >&5
configure:18362: $? = 0
configure:18362: result: yes
configure:18368: checking for vasprintf
configure:18368: clang -o conftest -I/Users/gaige/Development/Cartographica/MDBODBC/../iODBC/include   conftest.c  >&5
conftest.c:65:19: warning: format string missing [-Wformat]
   65 | return vasprintf ();
      |        ~~~~~~~~~  ^
1 warning generated.
configure:18368: $? = 0
configure:18368: result: yes
configure:18374: checking for vasnprintf
configure:18374: clang -o conftest -I/Users/gaige/Development/Cartographica/MDBODBC/../iODBC/include   conftest.c  >&5
Undefined symbols for architecture arm64:
  "_vasnprintf", referenced from:
      _main in conftest-211cbd.o
ld: symbol(s) not found for architecture arm64
clang: error: linker command failed with exit code 1 (use -v to see invocation)
configure:18374: $? = 1
configure: failed program was:
| /* confdefs.h */
| #define PACKAGE_NAME "mdbtools"
| #define PACKAGE_TARNAME "mdbtools"
| #define PACKAGE_VERSION "0.9.3"
| #define PACKAGE_STRING "mdbtools 0.9.3"
| #define PACKAGE_BUGREPORT "https://github.com/mdbtools/mdbtools/issues"
| #define PACKAGE_URL "https://github.com/mdbtools/mdbtools"
| #define PACKAGE "mdbtools"
| #define VERSION "0.9.3"
| #define HAVE_STDIO_H 1
| #define HAVE_STDLIB_H 1
| #define HAVE_STRING_H 1
| #define HAVE_INTTYPES_H 1
| #define HAVE_STDINT_H 1
| #define HAVE_STRINGS_H 1
| #define HAVE_SYS_STAT_H 1
| #define HAVE_SYS_TYPES_H 1
| #define HAVE_UNISTD_H 1
| #define STDC_HEADERS 1
| #define HAVE_DLFCN_H 1
| #define LT_OBJDIR ".libs/"
| #define YYTEXT_POINTER 1
| #define HAVE_FCNTL_H 1
| #define HAVE_LIMITS_H 1
| #define HAVE_UNISTD_H 1
| #define HAVE_XLOCALE_H 1
| #define HAVE_DECL_PROGRAM_INVOCATION_SHORT_NAME 0
| #define HAVE_LIBREADLINE 1
| #define HAVE_READLINE_READLINE_H 1
| #define HAVE_READLINE_HISTORY 1
| #define HAVE_READLINE_HISTORY_H 1
| #define HAVE_STRPTIME 1
| #define HAVE_FMEMOPEN 1
| #define HAVE_GMTIME_R 1
| #define HAVE_REALLOCF 1
| #define HAVE_WCSTOMBS_L 1
| #define HAVE_VASPRINTF 1
| /* end confdefs.h.  */
| /* Define vasnprintf to an innocuous variant, in case <limits.h> declares vasnprintf.
|    For example, HP-UX 11i <limits.h> declares gettimeofday.  */
| #define vasnprintf innocuous_vasnprintf
| 
| /* System header to define __stub macros and hopefully few prototypes,
|    which can conflict with char vasnprintf (void); below.  */
| 
| #include <limits.h>
| #undef vasnprintf
| 
| /* Override any GCC internal prototype to avoid an error.
|    Use char because int might match the return type of a GCC
|    builtin and then its argument prototype would still apply.  */
| #ifdef __cplusplus
| extern "C"
| #endif
| char vasnprintf (void);
| /* The GNU C library defines this for functions which it implements
|     to always fail with ENOSYS.  Some functions are actually named
|     something starting with __ and the normal name is an alias.  */
| #if defined __stub_vasnprintf || defined __stub___vasnprintf
| choke me
| #endif
| 
| int
| main (void)
| {
| return vasnprintf ();
|   ;
|   return 0;
| }
configure:18374: result: no
configure:18382: checking for an ANSI C-conforming const
configure:18449: clang -c -I/Users/gaige/Development/Cartographica/MDBODBC/../iODBC/include  conftest.c >&5
configure:18449: $? = 0
configure:18459: result: yes
configure:18467: checking for size_t
configure:18467: clang -c -I/Users/gaige/Development/Cartographica/MDBODBC/../iODBC/include  conftest.c >&5
configure:18467: $? = 0
configure:18467: clang -c -I/Users/gaige/Development/Cartographica/MDBODBC/../iODBC/include  conftest.c >&5
conftest.c:70:21: error: expected expression
   70 | if (sizeof ((size_t)))
      |                     ^
1 error generated.
configure:18467: $? = 1
configure: failed program was:
| /* confdefs.h */
| #define PACKAGE_NAME "mdbtools"
| #define PACKAGE_TARNAME "mdbtools"
| #define PACKAGE_VERSION "0.9.3"
| #define PACKAGE_STRING "mdbtools 0.9.3"
| #define PACKAGE_BUGREPORT "https://github.com/mdbtools/mdbtools/issues"
| #define PACKAGE_URL "https://github.com/mdbtools/mdbtools"
| #define PACKAGE "mdbtools"
| #define VERSION "0.9.3"
| #define HAVE_STDIO_H 1
| #define HAVE_STDLIB_H 1
| #define HAVE_STRING_H 1
| #define HAVE_INTTYPES_H 1
| #define HAVE_STDINT_H 1
| #define HAVE_STRINGS_H 1
| #define HAVE_SYS_STAT_H 1
| #define HAVE_SYS_TYPES_H 1
| #define HAVE_UNISTD_H 1
| #define STDC_HEADERS 1
| #define HAVE_DLFCN_H 1
| #define LT_OBJDIR ".libs/"
| #define YYTEXT_POINTER 1
| #define HAVE_FCNTL_H 1
| #define HAVE_LIMITS_H 1
| #define HAVE_UNISTD_H 1
| #define HAVE_XLOCALE_H 1
| #define HAVE_DECL_PROGRAM_INVOCATION_SHORT_NAME 0
| #define HAVE_LIBREADLINE 1
| #define HAVE_READLINE_READLINE_H 1
| #define HAVE_READLINE_HISTORY 1
| #define HAVE_READLINE_HISTORY_H 1
| #define HAVE_STRPTIME 1
| #define HAVE_FMEMOPEN 1
| #define HAVE_GMTIME_R 1
| #define HAVE_REALLOCF 1
| #define HAVE_WCSTOMBS_L 1
| #define HAVE_VASPRINTF 1
| /* end confdefs.h.  */
| #include <stddef.h>
| #ifdef HAVE_STDIO_H
| # include <stdio.h>
| #endif
| #ifdef HAVE_STDLIB_H
| # include <stdlib.h>
| #endif
| #ifdef HAVE_STRING_H
| # include <string.h>
| #endif
| #ifdef HAVE_INTTYPES_H
| # include <inttypes.h>
| #endif
| #ifdef HAVE_STDINT_H
| # include <stdint.h>
| #endif
| #ifdef HAVE_STRINGS_H
| # include <strings.h>
| #endif
| #ifdef HAVE_SYS_TYPES_H
| # include <sys/types.h>
| #endif
| #ifdef HAVE_SYS_STAT_H
| # include <sys/stat.h>
| #endif
| #ifdef HAVE_UNISTD_H
| # include <unistd.h>
| #endif
| int
| main (void)
| {
| if (sizeof ((size_t)))
| 	    return 0;
|   ;
|   return 0;
| }
configure:18467: result: yes
configure:18520: checking for ld
configure:18653: result: /Applications/Xcode.app/Contents/Developer/Toolchains/XcodeDefault.xctoolchain/usr/bin/ld
configure:18660: checking if the linker (/Applications/Xcode.app/Contents/Developer/Toolchains/XcodeDefault.xctoolchain/usr/bin/ld) is GNU ld
configure:18677: result: no
configure:18685: checking for shared library run path origin
configure:18700: result: done
configure:18723: checking 32-bit host C ABI
configure:18776: clang -c -I/Users/gaige/Development/Cartographica/MDBODBC/../iODBC/include  conftest.c >&5
configure:18776: $? = 0
configure:18790: result: no
configure:18800: checking how to run the C preprocessor
configure:18826: clang -E  conftest.c
configure:18826: $? = 0
configure:18842: clang -E  conftest.c
conftest.c:39:10: fatal error: 'ac_nonexistent.h' file not found
   39 | #include <ac_nonexistent.h>
      |          ^~~~~~~~~~~~~~~~~~
1 error generated.
configure:18842: $? = 1
configure: failed program was:
| /* confdefs.h */
| #define PACKAGE_NAME "mdbtools"
| #define PACKAGE_TARNAME "mdbtools"
| #define PACKAGE_VERSION "0.9.3"
| #define PACKAGE_STRING "mdbtools 0.9.3"
| #define PACKAGE_BUGREPORT "https://github.com/mdbtools/mdbtools/issues"
| #define PACKAGE_URL "https://github.com/mdbtools/mdbtools"
| #define PACKAGE "mdbtools"
| #define VERSION "0.9.3"
| #define HAVE_STDIO_H 1
| #define HAVE_STDLIB_H 1
| #define HAVE_STRING_H 1
| #define HAVE_INTTYPES_H 1
| #define HAVE_STDINT_H 1
| #define HAVE_STRINGS_H 1
| #define HAVE_SYS_STAT_H 1
| #define HAVE_SYS_TYPES_H 1
| #define HAVE_UNISTD_H 1
| #define STDC_HEADERS 1
| #define HAVE_DLFCN_H 1
| #define LT_OBJDIR ".libs/"
| #define YYTEXT_POINTER 1
| #define HAVE_FCNTL_H 1
| #define HAVE_LIMITS_H 1
| #define HAVE_UNISTD_H 1
| #define HAVE_XLOCALE_H 1
| #define HAVE_DECL_PROGRAM_INVOCATION_SHORT_NAME 0
| #define HAVE_LIBREADLINE 1
| #define HAVE_READLINE_READLINE_H 1
| #define HAVE_READLINE_HISTORY 1
| #define HAVE_READLINE_HISTORY_H 1
| #define HAVE_STRPTIME 1
| #define HAVE_FMEMOPEN 1
| #define HAVE_GMTIME_R 1
| #define HAVE_REALLOCF 1
| #define HAVE_WCSTOMBS_L 1
| #define HAVE_VASPRINTF 1
| /* end confdefs.h.  */
| #include <ac_nonexistent.h>
configure:18871: result: clang -E
configure:18885: clang -E  conftest.c
configure:18885: $? = 0
configure:18901: clang -E  conftest.c
conftest.c:39:10: fatal error: 'ac_nonexistent.h' file not found
   39 | #include <ac_nonexistent.h>
      |          ^~~~~~~~~~~~~~~~~~
1 error generated.
configure:18901: $? = 1
configure: failed program was:
| /* confdefs.h */
| #define PACKAGE_NAME "mdbtools"
| #define PACKAGE_TARNAME "mdbtools"
| #define PACKAGE_VERSION "0.9.3"
| #define PACKAGE_STRING "mdbtools 0.9.3"
| #define PACKAGE_BUGREPORT "https://github.com/mdbtools/mdbtools/issues"
| #define PACKAGE_URL "https://github.com/mdbtools/mdbtools"
| #define PACKAGE "mdbtools"
| #define VERSION "0.9.3"
| #define HAVE_STDIO_H 1
| #define HAVE_STDLIB_H 1
| #define HAVE_STRING_H 1
| #define HAVE_INTTYPES_H 1
| #define HAVE_STDINT_H 1
| #define HAVE_STRINGS_H 1
| #define HAVE_SYS_STAT_H 1
| #define HAVE_SYS_TYPES_H 1
| #define HAVE_UNISTD_H 1
| #define STDC_HEADERS 1
| #define HAVE_DLFCN_H 1
| #define LT_OBJDIR ".libs/"
| #define YYTEXT_POINTER 1
| #define HAVE_FCNTL_H 1
| #define HAVE_LIMITS_H 1
| #define HAVE_UNISTD_H 1
| #define HAVE_XLOCALE_H 1
| #define HAVE_DECL_PROGRAM_INVOCATION_SHORT_NAME 0
| #define HAVE_LIBREADLINE 1
| #define HAVE_READLINE_READLINE_H 1
| #define HAVE_READLINE_HISTORY 1
| #define HAVE_READLINE_HISTORY_H 1
| #define HAVE_STRPTIME 1
| #define HAVE_FMEMOPEN 1
| #define HAVE_GMTIME_R 1
| #define HAVE_REALLOCF 1
| #define HAVE_WCSTOMBS_L 1
| #define HAVE_VASPRINTF 1
| /* end confdefs.h.  */
| #include <ac_nonexistent.h>
configure:18934: checking for egrep -e
configure:19064: result: /usr/bin/grep -E
configure:19072: checking for ELF binary format
configure:19098: result: no
configure:19150: checking for the common suffixes of directories in the library search path
configure:19227: result: lib,lib,lib
configure:19759: checking for iconv
configure:19784: clang -o conftest -I/Users/gaige/Development/Cartographica/MDBODBC/../iODBC/include   conftest.c  >&5
Undefined symbols for architecture arm64:
  "_iconv", referenced from:
      _main in conftest-b0ace4.o
  "_iconv_close", referenced from:
      _main in conftest-b0ace4.o
  "_iconv_open", referenced from:
      _main in conftest-b0ace4.o
ld: symbol(s) not found for architecture arm64
clang: error: linker command failed with exit code 1 (use -v to see invocation)
configure:19784: $? = 1
configure: failed program was:
| /* confdefs.h */
| #define PACKAGE_NAME "mdbtools"
| #define PACKAGE_TARNAME "mdbtools"
| #define PACKAGE_VERSION "0.9.3"
| #define PACKAGE_STRING "mdbtools 0.9.3"
| #define PACKAGE_BUGREPORT "https://github.com/mdbtools/mdbtools/issues"
| #define PACKAGE_URL "https://github.com/mdbtools/mdbtools"
| #define PACKAGE "mdbtools"
| #define VERSION "0.9.3"
| #define HAVE_STDIO_H 1
| #define HAVE_STDLIB_H 1
| #define HAVE_STRING_H 1
| #define HAVE_INTTYPES_H 1
| #define HAVE_STDINT_H 1
| #define HAVE_STRINGS_H 1
| #define HAVE_SYS_STAT_H 1
| #define HAVE_SYS_TYPES_H 1
| #define HAVE_UNISTD_H 1
| #define STDC_HEADERS 1
| #define HAVE_DLFCN_H 1
| #define LT_OBJDIR ".libs/"
| #define YYTEXT_POINTER 1
| #define HAVE_FCNTL_H 1
| #define HAVE_LIMITS_H 1
| #define HAVE_UNISTD_H 1
| #define HAVE_XLOCALE_H 1
| #define HAVE_DECL_PROGRAM_INVOCATION_SHORT_NAME 0
| #define HAVE_LIBREADLINE 1
| #define HAVE_READLINE_READLINE_H 1
| #define HAVE_READLINE_HISTORY 1
| #define HAVE_READLINE_HISTORY_H 1
| #define HAVE_STRPTIME 1
| #define HAVE_FMEMOPEN 1
| #define HAVE_GMTIME_R 1
| #define HAVE_REALLOCF 1
| #define HAVE_WCSTOMBS_L 1
| #define HAVE_VASPRINTF 1
| /* end confdefs.h.  */
| 
| #include <stdlib.h>
| #include <iconv.h>
| 
| int
| main (void)
| {
| iconv_t cd = iconv_open("","");
|            iconv(cd,NULL,NULL,NULL,NULL);
|            iconv_close(cd);
|   ;
|   return 0;
| }
configure:19809: clang -o conftest -I/Users/gaige/Development/Cartographica/MDBODBC/../iODBC/include   conftest.c  -liconv >&5
configure:19809: $? = 0
configure:19821: result: yes
configure:19824: checking for working iconv
configure:19955: clang -o conftest -I/Users/gaige/Development/Cartographica/MDBODBC/../iODBC/include   conftest.c  -liconv >&5
configure:19955: $? = 0
configure:19955: ./conftest
configure:19955: $? = 0
configure:19970: result: yes
configure:19985: checking how to link with libiconv
configure:19987: result: -liconv
configure:19998: checking for iconv declaration
configure:20028: clang -c -I/Users/gaige/Development/Cartographica/MDBODBC/../iODBC/include  conftest.c >&5
configure:20028: $? = 0
configure:20041: result:
         extern size_t iconv (iconv_t cd, char * *inbuf, size_t *inbytesleft, char * *outbuf, size_t *outbytesleft);
configure:20052: checking whether the target supports symbol aliases
configure:20072: clang -o conftest -I/Users/gaige/Development/Cartographica/MDBODBC/../iODBC/include   conftest.c  >&5
conftest.c:43:38: error: aliases are not supported on darwin
   43 | extern void bar(void) __attribute__((alias("foo")));
      |                                      ^
1 error generated.
configure:20072: $? = 1
configure: failed program was:
| /* confdefs.h */
| #define PACKAGE_NAME "mdbtools"
| #define PACKAGE_TARNAME "mdbtools"
| #define PACKAGE_VERSION "0.9.3"
| #define PACKAGE_STRING "mdbtools 0.9.3"
| #define PACKAGE_BUGREPORT "https://github.com/mdbtools/mdbtools/issues"
| #define PACKAGE_URL "https://github.com/mdbtools/mdbtools"
| #define PACKAGE "mdbtools"
| #define VERSION "0.9.3"
| #define HAVE_STDIO_H 1
| #define HAVE_STDLIB_H 1
| #define HAVE_STRING_H 1
| #define HAVE_INTTYPES_H 1
| #define HAVE_STDINT_H 1
| #define HAVE_STRINGS_H 1
| #define HAVE_SYS_STAT_H 1
| #define HAVE_SYS_TYPES_H 1
| #define HAVE_UNISTD_H 1
| #define STDC_HEADERS 1
| #define HAVE_DLFCN_H 1
| #define LT_OBJDIR ".libs/"
| #define YYTEXT_POINTER 1
| #define HAVE_FCNTL_H 1
| #define HAVE_LIMITS_H 1
| #define HAVE_UNISTD_H 1
| #define HAVE_XLOCALE_H 1
| #define HAVE_DECL_PROGRAM_INVOCATION_SHORT_NAME 0
| #define HAVE_LIBREADLINE 1
| #define HAVE_READLINE_READLINE_H 1
| #define HAVE_READLINE_HISTORY 1
| #define HAVE_READLINE_HISTORY_H 1
| #define HAVE_STRPTIME 1
| #define HAVE_FMEMOPEN 1
| #define HAVE_GMTIME_R 1
| #define HAVE_REALLOCF 1
| #define HAVE_WCSTOMBS_L 1
| #define HAVE_VASPRINTF 1
| #define HAVE_ICONV 1
| #define ICONV_CONST 
| /* end confdefs.h.  */
| 
| void foo(void) { }
| extern void bar(void) __attribute__((alias("foo")));
| int
| main (void)
| {
| bar();
|   ;
|   return 0;
| }
configure:20083: result: no
configure:20098: checking for clang option to enable large file support
configure:20133: clang -c -I/Users/gaige/Development/Cartographica/MDBODBC/../iODBC/include  conftest.c >&5
configure:20133: $? = 0
configure:20139: clang -DFTYPE=ino_t -c -I/Users/gaige/Development/Cartographica/MDBODBC/../iODBC/include  conftest.c >&5
configure:20139: $? = 0
configure:20164: result: none needed
configure:20271: checking Are we using flex 
configure:20275: result: yes 
configure:20395: checking whether /Applications/Xcode.app/Contents/Developer/Toolchains/XcodeDefault.xctoolchain/usr/bin/ld accepts --as-needed
configure:20404: result: no
configure:20427: checking for SQLGetPrivateProfileString in -liodbcinst
configure:20456: clang -o conftest -I/Users/gaige/Development/Cartographica/MDBODBC/../iODBC/include -DSQL -Wall -Werror -DIODBC    conftest.c -liodbcinst   >&5
configure:20456: $? = 0
configure:20468: result: yes
configure:20645: checking pkg-config m4 macros
configure:20648: result: yes
configure:20988: checking for bash-completion >= 2.0
configure:21047: result: no
configure:21216: checking that generated files are newer than configure
configure:21222: result: done
configure:21295: creating ./config.status

## ---------------------- ##
## Running config.status. ##
## ---------------------- ##

This file was extended by mdbtools config.status 0.9.3, which was
generated by GNU Autoconf 2.72.  Invocation command line was

  CONFIG_FILES    = 
  CONFIG_HEADERS  = 
  CONFIG_LINKS    = 
  CONFIG_COMMANDS = 
  $ ./config.status 

on GPMacStudio.local

config.status:1131: creating src/Makefile
config.status:1131: creating libmdb.pc
config.status:1131: creating libmdbsql.pc
config.status:1131: creating src/util/Makefile
config.status:1131: creating src/util/bash-completion/Makefile
config.status:1131: creating src/extras/Makefile
config.status:1131: creating Makefile
config.status:1131: creating include/Makefile
